task           median  spread  five  composition  profile  association
family                                                                
Bar chart         1.0     6.0   3.0          0.0      0.0          NaN
Box plot         19.0    30.0   2.0          NaN      NaN          NaN
Interval plot    92.0    34.0   0.0          NaN      NaN          NaN
Dot plot          3.0    25.0  93.0          NaN     66.0          NaN
Histogram         6.0     3.0   9.0          NaN      NaN          NaN
Heatmap          10.0    11.0  11.0          NaN      NaN         44.0
Violin plot      13.0    19.0   9.0          NaN      NaN          NaN
Pie chart         NaN     NaN   NaN         16.0      NaN          NaN
Donut chart       NaN     NaN   NaN          8.0      NaN          NaN
Stacked bar       NaN     NaN   NaN          0.0      NaN          NaN
Line chart        NaN     NaN   NaN          NaN      6.0          NaN
Area chart        NaN     NaN   NaN          NaN      0.0          NaN
Scatter plot      NaN     NaN   NaN          NaN      NaN          9.0
       task      kind observer  cases  retained  lost  paired_n  default_failures  selected_failures  mean_default_loss  mean_selected_loss  mean_gain
association empirical     hard     53        48     5        53                 0                  0           0.039666            0.004716   0.034951
association empirical     soft     53        53     0        53                 0                  0           0.038660            0.004008   0.034652
composition empirical     hard     24        20     4        24                 0                  0           0.005119            0.001303   0.003816
composition empirical     soft     24        22     2        24                 0                  0           0.010220            0.002876   0.007344
       five empirical     hard    127       108    19       127                 0                  0           0.062945            0.054465   0.008481
       five empirical     soft    127       102    25       127                 0                  0           0.068904            0.051483   0.017421
     median empirical     hard    127        86    41       123                 4                  0           0.014009            0.008680   0.005329
     median empirical     soft    127        94    33       127                 0                  0           0.013809            0.008011   0.005798
    profile empirical     hard     72        66     6        72                 0                  0           0.115758            0.090776   0.024982
    profile empirical     soft     72        72     0        72                 0                  0           0.107434            0.085252   0.022182
     spread empirical     hard    127        78    49       123                 4                  0           0.026147            0.025639   0.000508
     spread empirical     soft    127        89    38       127                 0                  0           0.024886            0.022317   0.002570
 figure                 key        task     selected  left_score  right_score
      2            WDBC__03        five     Dot plot   60.166367    97.697728
      2       Cleveland__00        five    Histogram   81.037791    96.687587
      2       Cleveland__04        five  Violin plot   64.219527    92.480947
      2    HeartFailure__00        five      Heatmap   79.384646    96.272793
      2            WDBC__07      spread     Box plot   53.735269    98.646759
      2 cohort_HeartFailure composition    Pie chart   99.725020    99.950243
      2    profile_bidmc_04     profile   Line chart   90.216622    96.838257
      2      assoc_bidmc_22 association Scatter plot   99.205931    99.803098
      3             HAR__17        five     Dot plot   82.346923    84.090330
      3            ILPD__04        five    Histogram   95.117127    96.664094
      3             HAR__09        five  Violin plot   75.953001    81.116788
      3            ILPD__05        five      Heatmap   88.734770    90.639750
      3            WDBC__25      spread     Box plot   98.024958    99.593000
      3          cohort_CKD composition    Pie chart   99.943250    99.943250
      3    profile_bidmc_07     profile   Line chart   61.662124    68.139770
      3      assoc_bidmc_41 association Scatter plot   98.883590    99.169913
