{
  "input_verification": {
    "status": "passed",
    "wrist_bins_rebuilt": 1364,
    "wrist_records": 19,
    "wrist_participants": 8,
    "max_wrist_difference": 2.842170943040401e-14,
    "all_prepared_comparisons": 149,
    "primary_comparisons": 127,
    "all_prepared_arrays_exactly_reproduced": true,
    "raw_files_hash_verified": 156,
    "note": "Original frozen wrist CSV retained after independent raw-annotation equivalence check; no heart-rate filtering beyond valid positive beat intervals."
  },
  "original_marginal_configurations_reproduced": 30480,
  "original_extension_configurations_reproduced": 2728,
  "new_synthetic_losses_recomputed": 23808,
  "max_loss_difference": 2.220446049250313e-16,
  "failed_synthetic_trials": 360,
  "stability_bounds_verified": 1114,
  "default_checks": {
    "status": "passed",
    "folds": 168,
    "case_observer_pairs": 1060,
    "no_heldout_units_in_training": true,
    "transfer_values_verified": true
  },
  "geometry_checks": {
    "status": "passed",
    "contracts": 4,
    "blank_image_rejected": true,
    "trial_count": 2304,
    "failures": 0,
    "independent_implementation": "Angles/endpoints/lengths; no calls to the area-counting decoder; same author and renderer"
  },
  "status": "passed",
  "python": "3.12.14",
  "dependencies": {
    "numpy": "2.3.5",
    "pandas": "2.2.3",
    "scipy": "1.17.0",
    "matplotlib": "3.10.8",
    "Pillow": "12.3.0",
    "pypdf": "6.10.0"
  },
  "source_hashes": {
    "benchmark_release/check_examples.py": "62aa366079a62142ea195c1a34da87340d4a388fc0dae66b2c890c3f43a7e668",
    "benchmark_release/common.py": "b660a46974a6d07b7ed1ffa3fc792d524dbb45c5dcd1c76951c747851cf00bd9",
    "benchmark_release/compare_defaults.py": "f25b627057eaac587a31225a7e5c899b33c8aa47a2cace75029df441a1981b17",
    "benchmark_release/geometry_observer.py": "7d10edf17909bf7cbe949d23d18b0a0818c13c8e737afb86cfb67785389a833f",
    "benchmark_release/make_figures.py": "e8746f26520d7b93ccf6a9266f1c8a1653746f792181cd5f57aedc97eff2987d",
    "benchmark_release/make_report.py": "a9d0d819913559d15f111808b8ef629d46362a907919694fb1deb8ed87e1ed1e",
    "benchmark_release/rebuild_inputs.py": "017b9cbb41ecbf3a43b46cb49a7d15f328af5e72196d7a65a4f23b37476005d6",
    "benchmark_release/score_and_compare.py": "ef2405250013525605e69fc8b529357a45b0d6d436480a5886136474eb2ae51f",
    "benchmark_release/stress_test.py": "41154946a5b63e17ae1b02d81d14f78e8f8949dee79a470c167c8fe8c43e963b",
    "benchmark_release/verify_release.py": "751938f1b0abdb1664fbe7c87a62cb601d0d03355f209670fe22e8f78b6c06ea",
    "benchmark_release/write_manifest.py": "71538a31013ff84db78c281daf5b3c0e299266d1494ecf5791dcc76051735b51"
  }
}
